============================= test session starts =============================
platform win32 -- Python 3.13.2, pytest-8.4.1, pluggy-1.6.0 -- D:\SeanDevLocal\AITypingTrainer\.venv\Scripts\python.exe
cachedir: .pytest_cache
PySide6 6.9.1 -- Qt runtime 6.9.1 -- Qt compiled 6.9.1
rootdir: D:\SeanDevLocal\AITypingTrainer
configfile: pytest.ini
plugins: anyio-4.10.0, cov-6.2.1, mock-3.14.1, qt-4.5.0
collecting ... collected 43 items

tests/models/test_keystroke_manager.py::TestKeystrokeManagerInitialization::test_init_default_database_manager PASSED [  2%]
tests/models/test_keystroke_manager.py::TestKeystrokeManagerInitialization::test_init_custom_database_manager PASSED [  4%]
tests/models/test_keystroke_manager.py::TestKeystrokeManagerInitialization::test_init_none_database_manager PASSED [  6%]
tests/models/test_keystroke_manager.py::TestKeystrokeManagerAddKeystroke::test_add_single_keystroke PASSED [  9%]
tests/models/test_keystroke_manager.py::TestKeystrokeManagerAddKeystroke::test_add_multiple_keystrokes PASSED [ 11%]
tests/models/test_keystroke_manager.py::TestKeystrokeManagerAddKeystroke::test_add_keystroke_with_error PASSED [ 13%]
tests/models/test_keystroke_manager.py::TestKeystrokeManagerGetKeystrokesForSession::test_get_keystrokes_for_session_success PASSED [ 16%]
tests/models/test_keystroke_manager.py::TestKeystrokeManagerGetKeystrokesForSession::test_get_keystrokes_for_session_empty PASSED [ 18%]
tests/models/test_keystroke_manager.py::TestKeystrokeManagerGetKeystrokesForSession::test_get_keystrokes_replaces_existing_list PASSED [ 20%]
tests/models/test_keystroke_manager.py::TestKeystrokeManagerGetKeystrokesForSession::test_get_keystrokes_with_uuid_session_id PASSED [ 23%]
tests/models/test_keystroke_manager.py::TestKeystrokeManagerSaveKeystrokes::test_save_keystrokes_success PASSED [ 25%]
tests/models/test_keystroke_manager.py::TestKeystrokeManagerSaveKeystrokes::test_save_keystrokes_empty_list PASSED [ 27%]
tests/models/test_keystroke_manager.py::TestKeystrokeManagerSaveKeystrokes::test_save_keystrokes_database_error PASSED [ 30%]
tests/models/test_keystroke_manager.py::TestKeystrokeManagerSaveKeystrokes::test_save_keystrokes_with_special_characters PASSED [ 32%]
tests/models/test_keystroke_manager.py::TestKeystrokeManagerSaveKeystrokes::test_save_keystrokes_boolean_conversion PASSED [ 34%]
tests/models/test_keystroke_manager.py::TestKeystrokeManagerDeleteKeystrokes::test_delete_keystrokes_by_session_success PASSED [ 37%]
tests/models/test_keystroke_manager.py::TestKeystrokeManagerDeleteKeystrokes::test_delete_keystrokes_by_session_database_error PASSED [ 39%]
tests/models/test_keystroke_manager.py::TestKeystrokeManagerDeleteKeystrokes::test_delete_keystrokes_by_session_uuid PASSED [ 41%]
tests/models/test_keystroke_manager.py::TestKeystrokeManagerDeleteKeystrokes::test_delete_all_keystrokes_success PASSED [ 44%]
tests/models/test_keystroke_manager.py::TestKeystrokeManagerDeleteKeystrokes::test_delete_all_keystrokes_database_error PASSED [ 46%]
tests/models/test_keystroke_manager.py::TestKeystrokeManagerDeleteKeystrokes::test_delete_keystrokes_empty_session_id PASSED [ 48%]
tests/models/test_keystroke_manager.py::TestKeystrokeManagerCountKeystrokes::test_count_keystrokes_dict_result PASSED [ 51%]
tests/models/test_keystroke_manager.py::TestKeystrokeManagerCountKeystrokes::test_count_keystrokes_tuple_result PASSED [ 53%]
tests/models/test_keystroke_manager.py::TestKeystrokeManagerCountKeystrokes::test_count_keystrokes_zero_result PASSED [ 55%]
tests/models/test_keystroke_manager.py::TestKeystrokeManagerCountKeystrokes::test_count_keystrokes_none_result PASSED [ 58%]
tests/models/test_keystroke_manager.py::TestKeystrokeManagerCountKeystrokes::test_count_keystrokes_none_count_value PASSED [ 60%]
tests/models/test_keystroke_manager.py::TestKeystrokeManagerCountKeystrokes::test_count_keystrokes_database_error PASSED [ 62%]
tests/models/test_keystroke_manager.py::TestKeystrokeManagerCountKeystrokes::test_count_keystrokes_result_conversion_error PASSED [ 65%]
tests/models/test_keystroke_manager.py::TestKeystrokeManagerCountKeystrokes::test_count_keystrokes_uuid_session_id PASSED [ 67%]
tests/models/test_keystroke_manager.py::TestKeystrokeManagerIntegration::test_full_keystroke_workflow PASSED [ 69%]
tests/models/test_keystroke_manager.py::TestKeystrokeManagerIntegration::test_concurrent_session_handling PASSED [ 72%]
tests/models/test_keystroke_manager.py::TestKeystrokeManagerEdgeCases::test_extreme_session_id_values PASSED [ 74%]
tests/models/test_keystroke_manager.py::TestKeystrokeManagerEdgeCases::test_extreme_keystroke_values PASSED [ 76%]
tests/models/test_keystroke_manager.py::TestKeystrokeManagerEdgeCases::test_unicode_and_special_characters PASSED [ 79%]
tests/models/test_keystroke_manager.py::TestKeystrokeManagerEdgeCases::test_memory_management_large_list PASSED [ 81%]
tests/models/test_keystroke_manager.py::TestKeystrokeManagerErrorHandling::test_database_connection_failure PASSED [ 83%]
tests/models/test_keystroke_manager.py::TestKeystrokeManagerErrorHandling::test_invalid_keystroke_data PASSED [ 86%]
tests/models/test_keystroke_manager.py::TestKeystrokeManagerErrorHandling::test_partial_save_failure PASSED [ 88%]
tests/models/test_keystroke_manager.py::TestKeystrokeManagerErrorHandling::test_network_timeout_simulation PASSED [ 90%]
tests/models/test_keystroke_manager.py::TestKeystrokeManagerCompatibility::test_different_datetime_formats PASSED [ 93%]
tests/models/test_keystroke_manager.py::TestKeystrokeManagerCompatibility::test_boolean_variations PASSED [ 95%]
tests/models/test_keystroke_manager.py::TestKeystrokeManagerCompatibility::test_numeric_edge_cases PASSED [ 97%]
tests/models/test_keystroke_manager.py::TestKeystrokeManagerCompatibility::test_string_encoding_variants PASSED [100%]

============================= 43 passed in 0.42s ==============================
